// Jest Snapshot v1, https://goo.gl/fbAQLP

exports[`Molecules Breadcrumb Check Breadcrumb Test 1`] = `
<div
  class="flex items-end"
>
  <div
    class="flex items-center"
  >
    <p
      class="whitespace-no-wrap text-black"
    >
      
      bread1
    
    </p>
     
    <div
      class="mt-1 ml-3"
    >
      <svg
        class="w-7 h-7 fill-current text-black"
        style="width: 24px; height: 24px;"
        viewBox="0 0 24 24"
      >
        <path
          d="M8.59,16.58L13.17,12L8.59,7.41L10,6L16,12L10,18L8.59,16.58Z"
        />
      </svg>
    </div>
  </div>
  <div
    class="flex items-center"
  >
    <p
      class="whitespace-no-wrap ml-3 text-3xl text-black-dark font-bold"
    >
      
      bread2
    
    </p>
     
    <!---->
  </div>
</div>
`;
