// Jest Snapshot v1, https://goo.gl/fbAQLP

exports[`Molecules SettingMainImage.vue Check SettingMainImage.vue Test 1`] = `
<div
  class="rounded border-2 border-dashed border-bdColor flex items-center justify-center flex-col transition-all duration-200 ease-in-out w-60 h-40 "
>
  <div
    class="mb-1"
  >
    <svg
      class="w-7 h-7 fill-current text-tagColor"
      style="width: 33px; height: 33px;"
      viewBox="0 0 24 24"
    >
      <path
        d="M4,4H11V2H4A2,2 0 0,0 2,4V11H4V4M10,13L6,18H18L15,14L12.97,16.71L10,13M17,8.5A1.5,1.5 0 0,0 15.5,7A1.5,1.5 0 0,0 14,8.5A1.5,1.5 0 0,0 15.5,10A1.5,1.5 0 0,0 17,8.5M20,2H13V4H20V11H22V4A2,2 0 0,0 20,2M20,20H13V22H20A2,2 0 0,0 22,20V13H20V20M4,13H2V20A2,2 0 0,0 4,22H11V20H4V13Z"
      />
    </svg>
  </div>
   
  <p
    class="text-sm text-center text-black-light"
  >
    
    album.mainImageSection.DropZoneFirstLine
    <br />
    album.mainImageSection.DropZoneSecondLine
  
  </p>
</div>
`;
