// Jest Snapshot v1, https://goo.gl/fbAQLP

exports[`Molecules UserInformation Check UserInformation Test 1`] = `
<div>
  <div
    class="fixed w-screen h-screen top-0 left-0 z-40"
  />
   
  <div
    class="userinfo-bg shadow border border-solid border-white absolute right-0 p-3 bg-white mt-2 rounded z-50"
  >
    <div
      class="mb-3"
    >
      <p
        class="text-13px font-extralight text-black-light"
      >
        
        global.header.userInfo.lastName
      
      </p>
       
      <p
        class="font-normal leading-5 text-black"
      >
        
        test
      
      </p>
    </div>
     
    <div
      class="mb-3"
    >
      <p
        class="text-13px ont-extralight text-black-light"
      >
        
        global.header.userInfo.firstName
      
      </p>
       
      <p
        class="font-normal leading-5 text-black"
      >
        
        test
      
      </p>
    </div>
     
    <div>
      <p
        class="text-13px text-black-light"
      >
        
        global.header.userInfo.email
      
      </p>
       
      <p
        class="font-normal leading-5 text-black break-words"
      >
        
        test
      
      </p>
    </div>
  </div>
</div>
`;
